[33mÔØ»[39m Building...
[32mÔ£ö[39m Building...
[1mInitial chunk files[22m               [2m | [22m[1mNames[22m                          [2m | [22m [1mRaw size[22m
[32mchunk-ELPKAVS6.js[39m                 [2m | [22m[2m-[22m                              [2m | [22m  [36m2.63 MB[39m[2m | [22m
[32mchunk-DHPYMC3N.js[39m                 [2m | [22m[2m-[22m                              [2m | [22m  [36m2.19 MB[39m[2m | [22m
[32mpolyfills.js[39m                      [2m | [22m[2mpolyfills[22m                      [2m | [22m[36m994.34 kB[39m[2m | [22m
[32mchunk-R4TM43JI.js[39m                 [2m | [22m[2m-[22m                              [2m | [22m[36m732.19 kB[39m[2m | [22m
[32mchunk-FJTOCZI2.js[39m                 [2m | [22m[2m-[22m                              [2m | [22m[36m648.55 kB[39m[2m | [22m
[32mchunk-SYGI4K43.js[39m                 [2m | [22m[2m-[22m                              [2m | [22m[36m363.41 kB[39m[2m | [22m
[32mstyles.css[39m                        [2m | [22m[2mstyles[22m                         [2m | [22m[36m308.34 kB[39m[2m | [22m
[32mchunk-L7VQVH7X.js[39m                 [2m | [22m[2m-[22m                              [2m | [22m[36m260.12 kB[39m[2m | [22m
[32mchunk-NKU2ZJNZ.js[39m                 [2m | [22m[2m-[22m                              [2m | [22m[36m224.87 kB[39m[2m | [22m
[32mchunk-LCL34JJ6.js[39m                 [2m | [22m[2m-[22m                              [2m | [22m[36m163.89 kB[39m[2m | [22m
[32mjasmine-cleanup-1.js[39m              [2m | [22m[2mjasmine-cleanup-1[22m              [2m | [22m [36m67.20 kB[39m[2m | [22m
[32mspec-home.spec.js[39m                 [2m | [22m[2mspec-home.spec[22m                 [2m | [22m [36m33.75 kB[39m[2m | [22m
[32mchunk-JKYSEL7Q.js[39m                 [2m | [22m[2m-[22m                              [2m | [22m [36m32.13 kB[39m[2m | [22m
[32mchunk-SVWKHEHO.js[39m                 [2m | [22m[2m-[22m                              [2m | [22m [36m32.11 kB[39m[2m | [22m
[32mchunk-OYRHVIVW.js[39m                 [2m | [22m[2m-[22m                              [2m | [22m [36m26.57 kB[39m[2m | [22m
[32mchunk-CLUSA57N.js[39m                 [2m | [22m[2m-[22m                              [2m | [22m [36m26.09 kB[39m[2m | [22m
[32mchunk-XAOFZT6T.js[39m                 [2m | [22m[2m-[22m                              [2m | [22m [36m25.78 kB[39m[2m | [22m
[32mchunk-3OPY3FH4.js[39m                 [2m | [22m[2m-[22m                              [2m | [22m [36m20.93 kB[39m[2m | [22m
[32mchunk-YHMSS7BM.js[39m                 [2m | [22m[2m-[22m                              [2m | [22m [36m20.56 kB[39m[2m | [22m
[32mchunk-ER5OCEV3.js[39m                 [2m | [22m[2m-[22m                              [2m | [22m [36m17.07 kB[39m[2m | [22m
[32mspec-update-checker.spec.js[39m       [2m | [22m[2mspec-update-checker.spec[22m       [2m | [22m [36m15.58 kB[39m[2m | [22m
[32mchunk-CASIKH6D.js[39m                 [2m | [22m[2m-[22m                              [2m | [22m [36m14.65 kB[39m[2m | [22m
[32mchunk-PIAML5YL.js[39m                 [2m | [22m[2m-[22m                              [2m | [22m  [36m7.55 kB[39m[2m | [22m
[32mspec-crypt.spec.js[39m                [2m | [22m[2mspec-crypt.spec[22m                [2m | [22m  [36m7.43 kB[39m[2m | [22m
[32mtest_main.js[39m                      [2m | [22m[2mtest_main[22m                      [2m | [22m  [36m4.61 kB[39m[2m | [22m
[32mchunk-BRQLW36G.js[39m                 [2m | [22m[2m-[22m                              [2m | [22m  [36m4.55 kB[39m[2m | [22m
[32mspec-encrypt-2.spec.js[39m            [2m | [22m[2mspec-encrypt-2.spec[22m            [2m | [22m  [36m3.67 kB[39m[2m | [22m
[32mspec-encrypt.spec.js[39m              [2m | [22m[2mspec-encrypt.spec[22m              [2m | [22m  [36m3.66 kB[39m[2m | [22m
[32mspec-encrypt-3.spec.js[39m            [2m | [22m[2mspec-encrypt-3.spec[22m            [2m | [22m  [36m3.54 kB[39m[2m | [22m
[32mspec-encrypt-4.spec.js[39m            [2m | [22m[2mspec-encrypt-4.spec[22m            [2m | [22m  [36m3.45 kB[39m[2m | [22m
[32mspec-theme.spec.js[39m                [2m | [22m[2mspec-theme.spec[22m                [2m | [22m  [36m2.87 kB[39m[2m | [22m
[32mspec-app.spec.js[39m                  [2m | [22m[2mspec-app.spec[22m                  [2m | [22m  [36m2.63 kB[39m[2m | [22m
[32mspec-decrypt-2.spec.js[39m            [2m | [22m[2mspec-decrypt-2.spec[22m            [2m | [22m  [36m2.45 kB[39m[2m | [22m
[32mspec-decrypt-3.spec.js[39m            [2m | [22m[2mspec-decrypt-3.spec[22m            [2m | [22m  [36m2.37 kB[39m[2m | [22m
[32mspec-decrypt-4.spec.js[39m            [2m | [22m[2mspec-decrypt-4.spec[22m            [2m | [22m  [36m2.28 kB[39m[2m | [22m
[32mspec-decrypt.spec.js[39m              [2m | [22m[2mspec-decrypt.spec[22m              [2m | [22m  [36m2.22 kB[39m[2m | [22m
[32mspec-encrypt-5.spec.js[39m            [2m | [22m[2mspec-encrypt-5.spec[22m            [2m | [22m  [36m2.01 kB[39m[2m | [22m
[32mspec-decrypt-5.spec.js[39m            [2m | [22m[2mspec-decrypt-5.spec[22m            [2m | [22m  [36m2.01 kB[39m[2m | [22m
[32mspec-steganography.service.spec.js[39m[2m | [22m[2mspec-steganography.service.spec[22m[2m | [22m  [36m1.50 kB[39m[2m | [22m
[32mspec-nav.spec.js[39m                  [2m | [22m[2mspec-nav.spec[22m                  [2m | [22m  [36m1.47 kB[39m[2m | [22m
[32mspec-update.spec.js[39m               [2m | [22m[2mspec-update.spec[22m               [2m | [22m[36m680 bytes[39m[2m | [22m
[32mchunk-YUNFSDCY.js[39m                 [2m | [22m[2m-[22m                              [2m | [22m[36m632 bytes[39m[2m | [22m
[32mjasmine-cleanup-0.js[39m              [2m | [22m[2mjasmine-cleanup-0[22m              [2m | [22m[36m519 bytes[39m[2m | [22m

[1m [22m                                 [2m | [22m[1mInitial total[22m                  [2m | [22m  [1m8.91 MB[22m

[1mLazy chunk files[22m                  [2m | [22m[1mNames[22m                          [2m | [22m [1mRaw size[22m
[32mchunk-S7WPX24I.js[39m                 [2m | [22m[2mhtml2canvas[22m                    [2m | [22m[36m399.43 kB[39m[2m | [22m
[32mchunk-IUJHWZ75.js[39m                 [2m | [22m[2mindex-es[22m                       [2m | [22m[36m390.88 kB[39m[2m | [22m
[32mchunk-RHP3T4HV.js[39m                 [2m | [22m[2mpurify-es[22m                      [2m | [22m [36m47.39 kB[39m[2m | [22m

Application bundle generation complete. [3.543 seconds] - 2026-01-24T15:34:09.144Z

[32m24 01 2026 15:34:09.384:INFO [karma-server]: [39mKarma v6.4.4 server started at http://localhost:9876/
[32m24 01 2026 15:34:09.385:INFO [launcher]: [39mLaunching browsers ChromeHeadless with concurrency unlimited
[32m24 01 2026 15:34:09.397:INFO [launcher]: [39mStarting browser ChromeHeadless
[32m24 01 2026 15:34:10.651:INFO [Chrome Headless 143.0.0.0 (Windows 10)]: [39mConnected on socket 7IIAnUCBl3WAm4u4AAAB with id 61883052
Chrome Headless 143.0.0.0 (Windows 10): Executed 0 of 44[32m SUCCESS[39m (0 secs / 0 secs)
[1A[2KChrome Headless 143.0.0.0 (Windows 10): Executed 1 of 44[32m SUCCESS[39m (0 secs / 0.015 secs)
[1A[2KChrome Headless 143.0.0.0 (Windows 10): Executed 2 of 44[32m SUCCESS[39m (0 secs / 0.017 secs)
[1A[2KChrome Headless 143.0.0.0 (Windows 10): Executed 3 of 44[32m SUCCESS[39m (0 secs / 0.019 secs)
[1A[2KChrome Headless 143.0.0.0 (Windows 10): Executed 4 of 44[32m SUCCESS[39m (0 secs / 0.021 secs)
[1A[2KChrome Headless 143.0.0.0 (Windows 10): Executed 5 of 44[32m SUCCESS[39m (0 secs / 0.046 secs)
[1A[2KChrome Headless 143.0.0.0 (Windows 10): Executed 6 of 44[32m SUCCESS[39m (0 secs / 0.145 secs)
[33m24 01 2026 15:34:11.806:WARN [web-server]: [39m404: /base/media/material-icons.woff2
[1A[2KChrome Headless 143.0.0.0 (Windows 10): Executed 7 of 44[32m SUCCESS[39m (0 secs / 0.184 secs)
[33m24 01 2026 15:34:11.849:WARN [web-server]: [39m404: /base/media/material-icons.woff
[1A[2KChrome Headless 143.0.0.0 (Windows 10): Executed 8 of 44[32m SUCCESS[39m (0 secs / 0.203 secs)
[1A[2KChrome Headless 143.0.0.0 (Windows 10): Executed 9 of 44[32m SUCCESS[39m (0 secs / 0.216 secs)
[1A[2KLOG: [36m'Update check blocked: Version is locked.'[39m
Chrome Headless 143.0.0.0 (Windows 10): Executed 9 of 44[32m SUCCESS[39m (0 secs / 0.216 secs)
LOG: 'Update check blocked: Version is locked.'
[1A[2KChrome Headless 143.0.0.0 (Windows 10): Executed 10 of 44[32m SUCCESS[39m (0 secs / 0.232 secs)
[1A[2KLOG: [36m'Update check blocked: Version is locked.'[39m
Chrome Headless 143.0.0.0 (Windows 10): Executed 10 of 44[32m SUCCESS[39m (0 secs / 0.232 secs)
LOG: 'Update check blocked: Version is locked.'
[1A[2KChrome Headless 143.0.0.0 (Windows 10): Executed 11 of 44[32m SUCCESS[39m (0 secs / 0.24 secs)
[1A[2KLOG: [36m'Update check blocked: Version is locked.'[39m
Chrome Headless 143.0.0.0 (Windows 10): Executed 11 of 44[32m SUCCESS[39m (0 secs / 0.24 secs)
LOG: 'Update check blocked: Version is locked.'
[1A[2KChrome Headless 143.0.0.0 (Windows 10): Executed 12 of 44[32m SUCCESS[39m (0 secs / 0.248 secs)
[1A[2KLOG: [36m'Update check blocked: Version is locked.'[39m
Chrome Headless 143.0.0.0 (Windows 10): Executed 12 of 44[32m SUCCESS[39m (0 secs / 0.248 secs)
LOG: 'Update check blocked: Version is locked.'
[1A[2KChrome Headless 143.0.0.0 (Windows 10): Executed 13 of 44[32m SUCCESS[39m (0 secs / 0.256 secs)
[1A[2KChrome Headless 143.0.0.0 (Windows 10): Executed 14 of 44[32m SUCCESS[39m (0 secs / 0.27 secs)
[1A[2KChrome Headless 143.0.0.0 (Windows 10): Executed 15 of 44[32m SUCCESS[39m (0 secs / 0.519 secs)
[1A[2KChrome Headless 143.0.0.0 (Windows 10): Executed 16 of 44[32m SUCCESS[39m (0 secs / 1.024 secs)
[1A[2KERROR: [36m'Async Decryption failure:', DOMException{}[39m
Chrome Headless 143.0.0.0 (Windows 10): Executed 16 of 44[32m SUCCESS[39m (0 secs / 1.024 secs)
ERROR: 'Async Decryption failure:', DOMException{}
[1A[2KChrome Headless 143.0.0.0 (Windows 10): Executed 17 of 44[32m SUCCESS[39m (0 secs / 1.6 secs)
[1A[2KChrome Headless 143.0.0.0 (Windows 10): Executed 18 of 44[32m SUCCESS[39m (0 secs / 1.601 secs)
[1A[2KChrome Headless 143.0.0.0 (Windows 10): Executed 19 of 44[32m SUCCESS[39m (0 secs / 1.602 secs)
[1A[2KChrome Headless 143.0.0.0 (Windows 10): Executed 20 of 44[32m SUCCESS[39m (0 secs / 1.603 secs)
[1A[2KChrome Headless 143.0.0.0 (Windows 10): Executed 21 of 44[32m SUCCESS[39m (0 secs / 1.604 secs)
[1A[2KChrome Headless 143.0.0.0 (Windows 10): Executed 22 of 44[32m SUCCESS[39m (0 secs / 1.644 secs)
[1A[2KChrome Headless 143.0.0.0 (Windows 10): Executed 23 of 44[32m SUCCESS[39m (0 secs / 2.145 secs)
[1A[2KChrome Headless 143.0.0.0 (Windows 10): Executed 24 of 44[32m SUCCESS[39m (0 secs / 2.636 secs)
[1A[2KChrome Headless 143.0.0.0 (Windows 10): Executed 25 of 44[32m SUCCESS[39m (0 secs / 3.112 secs)
[1A[2KChrome Headless 143.0.0.0 (Windows 10): Executed 26 of 44[32m SUCCESS[39m (0 secs / 3.614 secs)
[1A[2KChrome Headless 143.0.0.0 (Windows 10): Executed 27 of 44[32m SUCCESS[39m (0 secs / 3.615 secs)
[1A[2KChrome Headless 143.0.0.0 (Windows 10): Executed 28 of 44[32m SUCCESS[39m (0 secs / 3.66 secs)
[1A[2KChrome Headless 143.0.0.0 (Windows 10): Executed 29 of 44[32m SUCCESS[39m (0 secs / 3.696 secs)
[1A[2KLOG: [36m'Update check blocked: Version is locked.'[39m
Chrome Headless 143.0.0.0 (Windows 10): Executed 29 of 44[32m SUCCESS[39m (0 secs / 3.696 secs)
LOG: 'Update check blocked: Version is locked.'
[1A[2K[31mChrome Headless 143.0.0.0 (Windows 10) UpdateChecker should create FAILED[39m
	Error: NG05105: Unexpected synthetic property @fadeInOut found. Please make sure that:
	  - Make sure `provideAnimationsAsync()`, `provideAnimations()` or `provideNoopAnimations()` call was added to a list of providers used to bootstrap an application.
	  - There is a corresponding animation configuration named `@fadeInOut` defined in the `animations` field of the `@Component` decorator (see https://angular.dev/api/core/Component#animations).
	error properties: Object({ code: 5105 })
	    at checkNoSyntheticProp (node_modules/@angular/platform-browser/fesm2022/_dom_renderer-chunk.mjs:662:11)
	    at EmulatedEncapsulationDomRenderer2.setProperty (node_modules/@angular/platform-browser/fesm2022/_dom_renderer-chunk.mjs:626:86)
	    at setDomProperty (node_modules/@angular/core/fesm2022/_debug_node-chunk.mjs:4912:14)
	    at setPropertyAndInputs (node_modules/@angular/core/fesm2022/_debug_node-chunk.mjs:4900:3)
	    at ╔Á╔Áproperty (node_modules/@angular/core/fesm2022/_debug_node-chunk.mjs:14299:5)
	    at UpdateChecker2_Template (ng:///UpdateChecker2.js:121:9)
	    at executeTemplate (node_modules/@angular/core/fesm2022/_debug_node-chunk.mjs:4834:5)
	    at refreshView (node_modules/@angular/core/fesm2022/_debug_node-chunk.mjs:5504:7)
	    at detectChangesInView (node_modules/@angular/core/fesm2022/_debug_node-chunk.mjs:5644:5)
	    at detectChangesInViewIfAttached (node_modules/@angular/core/fesm2022/_debug_node-chunk.mjs:5627:3)
Chrome Headless 143.0.0.0 (Windows 10): Executed 30 of 44[31m (1 FAILED)[39m (0 secs / 4.008 secs)
[1A[2KChrome Headless 143.0.0.0 (Windows 10): Executed 31 of 44[31m (1 FAILED)[39m (0 secs / 4.031 secs)
[1A[2KChrome Headless 143.0.0.0 (Windows 10): Executed 32 of 44[31m (1 FAILED)[39m (0 secs / 4.034 secs)
[1A[2KChrome Headless 143.0.0.0 (Windows 10): Executed 33 of 44[31m (1 FAILED)[39m (0 secs / 4.035 secs)
[1A[2KChrome Headless 143.0.0.0 (Windows 10): Executed 34 of 44[31m (1 FAILED)[39m (0 secs / 4.036 secs)
[1A[2KChrome Headless 143.0.0.0 (Windows 10): Executed 35 of 44[31m (1 FAILED)[39m (0 secs / 4.038 secs)
[1A[2KChrome Headless 143.0.0.0 (Windows 10): Executed 36 of 44[31m (1 FAILED)[39m (0 secs / 4.04 secs)
[1A[2KChrome Headless 143.0.0.0 (Windows 10): Executed 37 of 44[31m (1 FAILED)[39m (0 secs / 4.062 secs)
[1A[2KChrome Headless 143.0.0.0 (Windows 10): Executed 38 of 44[31m (1 FAILED)[39m (0 secs / 4.08 secs)
[1A[2KChrome Headless 143.0.0.0 (Windows 10): Executed 39 of 44[31m (1 FAILED)[39m (0 secs / 4.096 secs)
[1A[2KChrome Headless 143.0.0.0 (Windows 10): Executed 40 of 44[31m (1 FAILED)[39m (0 secs / 4.116 secs)
[1A[2KChrome Headless 143.0.0.0 (Windows 10): Executed 41 of 44[31m (1 FAILED)[39m (0 secs / 4.153 secs)
[1A[2KChrome Headless 143.0.0.0 (Windows 10): Executed 42 of 44[31m (1 FAILED)[39m (0 secs / 4.169 secs)
[1A[2KChrome Headless 143.0.0.0 (Windows 10): Executed 43 of 44[31m (1 FAILED)[39m (0 secs / 4.185 secs)
[1A[2KChrome Headless 143.0.0.0 (Windows 10): Executed 44 of 44[31m (1 FAILED)[39m (0 secs / 4.204 secs)
[1A[2KChrome Headless 143.0.0.0 (Windows 10): Executed 44 of 44[31m (1 FAILED)[39m (4.263 secs / 4.204 secs)
[31mTOTAL: 1 FAILED, 43 SUCCESS[39m
